18:42:20 **** Incremental Build of configuration Debug for project LAB2_Exercise ****
make -j16 all 
arm-none-eabi-gcc "../Core/Src/main.c" -mcpu=cortex-m3 -std=gnu11 -g3 -DDEBUG -DUSE_HAL_DRIVER -DSTM32F103x6 -c -I../Core/Inc -I../Drivers/STM32F1xx_HAL_Driver/Inc -I../Drivers/STM32F1xx_HAL_Driver/Inc/Legacy -I../Drivers/CMSIS/Device/ST/STM32F1xx/Include -I../Drivers/CMSIS/Include -O0 -ffunction-sections -fdata-sections -Wall -fstack-usage -MMD -MP -MF"Core/Src/main.d" -MT"Core/Src/main.o" --specs=nano.specs -mfloat-abi=soft -mthumb -o "Core/Src/main.o"
arm-none-eabi-gcc -o "LAB2_Exercise.elf" @"objects.list"   -mcpu=cortex-m3 -T"D:\GIT_LAB2\LAB2_Exercise\STM32F103C6UX_FLASH.ld" --specs=nosys.specs -Wl,-Map="LAB2_Exercise.map" -Wl,--gc-sections -static --specs=nano.specs -mfloat-abi=soft -mthumb -Wl,--start-group -lc -lm -Wl,--end-group
Finished building target: LAB2_Exercise.elf
 
arm-none-eabi-size   LAB2_Exercise.elf 
arm-none-eabi-objdump -h -S  LAB2_Exercise.elf  > "LAB2_Exercise.list"
arm-none-eabi-objcopy  -O ihex  LAB2_Exercise.elf  "LAB2_Exercise.hex"
   text	   data	    bss	    dec	    hex	filename
   8072	     44	   1644	   9760	   2620	LAB2_Exercise.elf
arm-none-eabi-objcopy  -O binary  LAB2_Exercise.elf  "LAB2_Exercise.bin"
Finished building: default.size.stdout
 
Finished building: LAB2_Exercise.hex
Finished building: LAB2_Exercise.bin
 
 
Finished building: LAB2_Exercise.list
 
